
> aips-frontend@0.1.0 build
> next build

Γû▓ Next.js 16.2.2 (Turbopack)

  Creating an optimized production build ...
Γ£ô Compiled successfully in 4.8s
  Running TypeScript ...
  Finished TypeScript in 5.4s ...
  Collecting page data using 15 workers ...
Error: supabaseUrl is required.
    at <unknown> (D:\Downloads\AIPS\aips-frontend\.next\server\chunks\src_lib_supabaseServer_ts_0x__44x._.js:37:43441)
    at new rv (D:\Downloads\AIPS\aips-frontend\.next\server\chunks\src_lib_supabaseServer_ts_0x__44x._.js:37:43692)
    at module evaluation (D:\Downloads\AIPS\aips-frontend\.next\server\chunks\src_lib_supabaseServer_ts_0x__44x._.js:37:48030)
    at instantiateModule (D:\Downloads\AIPS\aips-frontend\.next\server\chunks\[turbopack]_runtime.js:853:9)
    at getOrInstantiateModuleFromParent (D:\Downloads\AIPS\aips-frontend\.next\server\chunks\[turbopack]_runtime.js:877:12)
    at Context.esmImport [as i] (D:\Downloads\AIPS\aips-frontend\.next\server\chunks\[turbopack]_runtime.js:281:20)
    at module evaluation (D:\Downloads\AIPS\aips-frontend\.next\server\chunks\[root-of-the-server]__0m_g~_p._.js:1:1267)
    at instantiateModule (D:\Downloads\AIPS\aips-frontend\.next\server\chunks\[turbopack]_runtime.js:853:9)
    at instantiateRuntimeModule (D:\Downloads\AIPS\aips-frontend\.next\server\chunks\[turbopack]_runtime.js:882:12)
    at getOrInstantiateRuntimeModule (D:\Downloads\AIPS\aips-frontend\.next\server\chunks\[turbopack]_runtime.js:895:12)

> Build error occurred
Error: Failed to collect page data for /api/audit
    at ignore-listed frames {
  type: 'Error'
}
